2026-08-07T06:19:05+02:00 generation, deep repair, and initial annotation orchestration finished
2026-08-07T06:19:05+02:00 generation, deep repair, and initial annotation orchestration finished
2026-08-07T06:19:05+02:00 preflight: requiring exactly 720 complete accepted generation artifacts
2026-08-07T06:19:05+02:00 preflight: requiring exactly 720 complete accepted generation artifacts
2026-08-07T06:35:29+02:00 omission audit attempt 1
2026-08-07T06:35:29+02:00 omission audit attempt 1
2026-08-07T06:37:50+02:00 omission audit attempt 2
2026-08-07T06:37:50+02:00 omission audit attempt 2
2026-08-07T06:39:21+02:00 omission audit attempt 3
2026-08-07T06:39:21+02:00 omission audit attempt 3
2026-08-07T06:40:58+02:00 omission audit remained blocked after three attempts
2026-08-07T06:40:58+02:00 omission audit remained blocked after three attempts
2026-08-07T09:47:39+02:00 generation, deep repair, and initial annotation orchestration finished
2026-08-07T09:47:39+02:00 preflight: requiring exactly 720 complete accepted generation artifacts
2026-08-07T09:47:39+02:00 omission audit attempt 1
2026-08-07T10:20:44+02:00 generation, deep repair, and initial annotation orchestration finished
2026-08-07T10:20:44+02:00 preflight: requiring exactly 720 complete accepted generation artifacts
2026-08-07T10:20:44+02:00 omission audit attempt 1
2026-08-07T10:46:00+02:00 generation, deep repair, and initial annotation orchestration finished
2026-08-07T10:46:00+02:00 preflight: requiring exactly 720 complete accepted generation artifacts
2026-08-07T10:46:00+02:00 omission audit attempt 1
2026-08-07T11:56:48+02:00 omission audit attempt 2
2026-08-07T12:21:53+02:00 omission audit attempt 3
2026-08-07T13:09:31+02:00 continuity hsk2 attempt 1
2026-08-07T13:09:31+02:00 continuity hsk1 attempt 1
2026-08-07T13:09:31+02:00 continuity hsk3 attempt 1
2026-08-07T13:09:31+02:00 continuity hsk4 attempt 1
2026-08-07T13:09:31+02:00 continuity hsk5 attempt 1
2026-08-07T13:09:31+02:00 continuity hsk6 attempt 1
2026-08-07T13:59:36+02:00 continuity hsk2 attempt 2
2026-08-07T13:59:41+02:00 continuity hsk3 attempt 2
2026-08-07T14:03:22+02:00 continuity hsk1 attempt 2
2026-08-07T14:45:38+02:00 continuity hsk2 attempt 3
2026-08-07T14:47:44+02:00 continuity hsk3 attempt 3
