Traceback (most recent call last):
  File "/usr/lib/python3.12/asyncio/tasks.py", line 520, in wait_for
    return await fut
           ^^^^^^^^^
  File "/usr/lib/python3.12/asyncio/subprocess.py", line 137, in wait
    return await self._transport._wait()
           ^^^^^^^^^^^^^^^^^^^^^^^^^^^^^
  File "/usr/lib/python3.12/asyncio/base_subprocess.py", line 230, in _wait
    return await waiter
           ^^^^^^^^^^^^
asyncio.exceptions.CancelledError

The above exception was the direct cause of the following exception:

Traceback (most recent call last):
  File "/home/usuario/hsk-graded-readers/pipeline/agent_harness.py", line 364, in call
    await asyncio.wait_for(proc.wait(), self.timeout)
  File "/usr/lib/python3.12/asyncio/tasks.py", line 519, in wait_for
    async with timeouts.timeout(timeout):
  File "/usr/lib/python3.12/asyncio/timeouts.py", line 115, in __aexit__
    raise TimeoutError from exc_val
TimeoutError

During handling of the above exception, another exception occurred:

Traceback (most recent call last):
  File "<frozen runpy>", line 198, in _run_module_as_main
  File "<frozen runpy>", line 88, in _run_code
  File "/home/usuario/hsk-graded-readers/pipeline/audit_compact_omissions.py", line 639, in <module>
    raise SystemExit(main())
                     ^^^^^^
  File "/home/usuario/hsk-graded-readers/pipeline/audit_compact_omissions.py", line 633, in main
    report = asyncio.run(OmissionAuditor(args).run([Path(item) for item in args.run_dir]))
             ^^^^^^^^^^^^^^^^^^^^^^^^^^^^^^^^^^^^^^^^^^^^^^^^^^^^^^^^^^^^^^^^^^^^^^^^^^^^^
  File "/usr/lib/python3.12/asyncio/runners.py", line 194, in run
    return runner.run(main)
           ^^^^^^^^^^^^^^^^
  File "/usr/lib/python3.12/asyncio/runners.py", line 118, in run
    return self._loop.run_until_complete(task)
           ^^^^^^^^^^^^^^^^^^^^^^^^^^^^^^^^^^^
  File "/usr/lib/python3.12/asyncio/base_events.py", line 687, in run_until_complete
    return future.result()
           ^^^^^^^^^^^^^^^
  File "/home/usuario/hsk-graded-readers/pipeline/audit_compact_omissions.py", line 587, in run
    repairs = await asyncio.gather(*(self.repair_chapter(run, items) for run, items in grouped.items()))
              ^^^^^^^^^^^^^^^^^^^^^^^^^^^^^^^^^^^^^^^^^^^^^^^^^^^^^^^^^^^^^^^^^^^^^^^^^^^^^^^^^^^^^^^^^^
  File "/home/usuario/hsk-graded-readers/pipeline/audit_compact_omissions.py", line 497, in repair_chapter
    repaired = await self.runner.call(
               ^^^^^^^^^^^^^^^^^^^^^^^
  File "/home/usuario/hsk-graded-readers/pipeline/agent_harness.py", line 396, in call
    raise RuntimeError(f"agent timed out: {job}")
RuntimeError: agent timed out: chapter_073-hsk1/chapter_repair_round_02
